// Jest Snapshot v1, https://goo.gl/fbAQLP

exports[`testing CollectionItem component should render CollectionItem component 1`] = `ShallowWrapper {}`;
