// Jest Snapshot v1, https://goo.gl/fbAQLP

exports[`testing CollectionsOverview component should render CollectionsOverview component 1`] = `<styled.div />`;
