// Jest Snapshot v1, https://goo.gl/fbAQLP

exports[`CollectionPage should render the CollectionPage component 1`] = `
<styled.div>
  <styled.h2>
    test collections
  </styled.h2>
  <styled.div>
    <Connect(CollectionItem)
      item={
        Object {
          "id": 1,
        }
      }
      key="1"
    />
    <Connect(CollectionItem)
      item={
        Object {
          "id": 2,
        }
      }
      key="2"
    />
    <Connect(CollectionItem)
      item={
        Object {
          "id": 3,
        }
      }
      key="3"
    />
  </styled.div>
</styled.div>
`;
