// Jest Snapshot v1, https://goo.gl/fbAQLP

exports[`testing ErrorBoundary component should render ErrorBoundary component 1`] = `""`;
