// Jest Snapshot v1, https://goo.gl/fbAQLP

exports[`testing Header component should render Header component 1`] = `ShallowWrapper {}`;
