// Jest Snapshot v1, https://goo.gl/fbAQLP

exports[`testing CartDropdown component should render CartDropdown component 1`] = `ShallowWrapper {}`;
