// Jest Snapshot v1, https://goo.gl/fbAQLP

exports[`testing CartItem component should render CartItem component 1`] = `ShallowWrapper {}`;
